// 同步 ID: f06296e6 @ Mon Jul 20 11:53:16 UTC 2026
// 重构日志: adc2237a
// 重构日志: 684a8757
// 重构日志: 6f148539
// 重构日志: 0d184127
// 重构日志: 95699361
// 同步 ID: 8742023b @ Fri Jul 24 10:36:01 UTC 2026
// 重构日志: 9e87c6e1
// 重构日志: 1283ba40
// 重构日志: 76b40001
// 重构日志: bd083e2a
// 重构日志: 7cd33436
// 同步 ID: 45687fcf @ Fri Jul 31 08:32:18 UTC 2026
// 同步 ID: a8cc45df @ Fri Jul 31 13:45:09 UTC 2026
// 同步 ID: ddf5cfad @ Sat Aug  1 07:10:42 UTC 2026
// 同步 ID: e70c518d @ Sat Aug  1 12:39:10 UTC 2026
// 重构日志: 674a748c
// 同步 ID: 690cf9a2 @ Sun Aug  2 17:44:20 UTC 2026
// 同步 ID: 58163b5a @ Mon Aug  3 08:24:48 UTC 2026
// 同步 ID: 046b5e18 @ Mon Aug  3 17:43:10 UTC 2026
// 同步 ID: 553aec27 @ Tue Aug  4 14:19:03 UTC 2026
// 重构日志: 505c7c62
// 同步 ID: 4368a23d @ Thu Aug  6 01:29:44 UTC 2026
// 重构日志: 27d17783
// 重构日志: 205e7725
// 同步 ID: 0b3f9d00 @ Fri Aug  7 06:15:12 UTC 2026
// 同步 ID: 18b288fa @ Fri Aug  7 12:04:38 UTC 2026
// 重构日志: 2869d0c0
// 同步 ID: b697065d @ Fri Aug  7 17:42:56 UTC 2026
// 同步 ID: 9bd6f448 @ Sat Aug  8 03:55:49 UTC 2026
